// Jest Snapshot v1, https://goo.gl/fbAQLP

exports[`renders correctly 1`] = `
<RCTSafeAreaView
  emulateUnlessSupported={true}
  style={
    Object {
      "backgroundColor": "#FFF",
      "color": "#000",
      "flex": 1,
      "flexDirection": "column",
    }
  }
>
  <View
    style={
      Object {
        "alignItems": "center",
        "borderBottomColor": "rgba(189, 195, 199,0.6)",
        "borderBottomWidth": 1,
        "flexDirection": "row",
        "height": 60,
      }
    }
  >
    <View
      accessible={true}
      focusable={true}
      isTVSelectable={true}
      onClick={[Function]}
      onResponderGrant={[Function]}
      onResponderMove={[Function]}
      onResponderRelease={[Function]}
      onResponderTerminate={[Function]}
      onResponderTerminationRequest={[Function]}
      onStartShouldSetResponder={[Function]}
      style={
        Object {
          "height": 60,
          "opacity": 1,
          "paddingLeft": 20,
          "paddingTop": 21,
          "width": 60,
        }
      }
    >
      <Image
        source={
          Object {
            "testUri": "../../../app/assets/images/backArrow.png",
          }
        }
        style={
          Object {
            "height": 18,
            "width": 18.48,
          }
        }
      />
    </View>
    <Text
      style={
        Object {
          "fontFamily": "OpenSans-Bold",
          "fontSize": 24,
        }
      }
    >
      Import Locations
    </Text>
  </View>
  <View
    style={
      Object {
        "alignSelf": "center",
        "flex": 1,
        "flexDirection": "column",
        "padding": 20,
        "textAlignVertical": "top",
        "width": "96%",
      }
    }
  >
    <Text
      style={
        Object {
          "fontFamily": "OpenSans-Regular",
          "fontSize": 16,
          "lineHeight": 24,
          "marginTop": 12,
        }
      }
    >
      Adding location data from Google will give you a head start on building your recent locations.
    </Text>
    <Text
      style={
        Object {
          "fontFamily": "OpenSans-Regular",
          "fontSize": 16,
          "lineHeight": 24,
          "marginTop": 12,
        }
      }
    >
      Before you can import, you must first 'Take out' your location data from Google.
    </Text>
    <Text
      style={
        Object {
          "fontFamily": "OpenSans-Regular",
          "fontSize": 16,
          "lineHeight": 24,
          "marginTop": 12,
        }
      }
    >
      Visit Google Takeout and export your Location History once. Choose Google Drive as the delivery method, then return here to import.
    </Text>
    <View
      accessible={true}
      focusable={true}
      isTVSelectable={true}
      onClick={[Function]}
      onResponderGrant={[Function]}
      onResponderMove={[Function]}
      onResponderRelease={[Function]}
      onResponderTerminate={[Function]}
      onResponderTerminationRequest={[Function]}
      onStartShouldSetResponder={[Function]}
      style={
        Object {
          "alignSelf": "center",
          "backgroundColor": "#665eff",
          "borderRadius": 12,
          "height": 52,
          "justifyContent": "center",
          "marginTop": 30,
          "opacity": 1,
          "width": 589.9499999999999,
        }
      }
    >
      <Text
        style={
          Object {
            "color": "#ffffff",
            "fontFamily": "OpenSans-Bold",
            "fontSize": 14,
            "letterSpacing": 0,
            "lineHeight": 19,
            "textAlign": "center",
          }
        }
      >
        VISIT GOOGLE TAKEOUT
      </Text>
    </View>
    <View
      accessible={true}
      focusable={true}
      isTVSelectable={true}
      onClick={[Function]}
      onResponderGrant={[Function]}
      onResponderMove={[Function]}
      onResponderRelease={[Function]}
      onResponderTerminate={[Function]}
      onResponderTerminationRequest={[Function]}
      onStartShouldSetResponder={[Function]}
      style={
        Object {
          "alignSelf": "center",
          "backgroundColor": "#665eff",
          "borderRadius": 12,
          "height": 52,
          "justifyContent": "center",
          "marginTop": 30,
          "opacity": 1,
          "width": 589.9499999999999,
        }
      }
    >
      <Text
        style={
          Object {
            "color": "#ffffff",
            "fontFamily": "OpenSans-Bold",
            "fontSize": 14,
            "letterSpacing": 0,
            "lineHeight": 19,
            "textAlign": "center",
          }
        }
      >
        IMPORT LOCATIONS
      </Text>
    </View>
  </View>
</RCTSafeAreaView>
`;
